Building DAG of jobs...
Using shell: /usr/bin/bash
Provided cores: 8
Rules claiming more threads will be scaled down.
Job stats:
job                count    min threads    max threads
---------------  -------  -------------  -------------
all                    1              1              1
feature_counts         1              1              1
umi_tools_count        1              1              1
total                  3              1              1

Select jobs to execute...

[Fri Mar 21 17:12:17 2025]
rule feature_counts:
    input: ../Data/BAM/Aligned_sorted.out.bam
    output: ../Data/summary.txt, ../Data/BAM/Aligned_sorted.out.bam.featureCounts
    jobid: 2
    resources: tmpdir=/tmp


        featureCounts -p -t exon -g gene_id             -a ../Homo_sapiens.GRCh38.108_chr19.gtf             -o ../Data/summary.txt -R BAM ../Data/BAM/Aligned_sorted.out.bam
        
[Fri Mar 21 17:12:22 2025]
Error in rule feature_counts:
    jobid: 2
    output: ../Data/summary.txt, ../Data/BAM/Aligned_sorted.out.bam.featureCounts
    shell:
        
        featureCounts -p -t exon -g gene_id             -a ../Homo_sapiens.GRCh38.108_chr19.gtf             -o ../Data/summary.txt -R BAM ../Data/BAM/Aligned_sorted.out.bam
        
        (one of the commands exited with non-zero exit code; note that snakemake uses bash strict mode!)

Shutting down, this might take some time.
Exiting because a job execution failed. Look above for error message
Complete log: /oak/stanford/groups/larsms/Users/jrbauman/chr_tiling/TAPprimer_testing/snakemake/.snakemake/log/2025-03-21T171216.347892.snakemake.log
