Building DAG of jobs...
Using shell: /usr/bin/bash
Provided cores: 8
Rules claiming more threads will be scaled down.
Job stats:
job                count    min threads    max threads
---------------  -------  -------------  -------------
all                    1              1              1
feature_counts         1              1              1
sort_and_index         1              1              1
star_align             1              1              1
umi_tools_count        1              1              1
total                  5              1              1

Select jobs to execute...

[Fri Mar 21 16:59:32 2025]
rule star_align:
    input: ../Data/barcoded_fastqs/process/barcode_head.fastq.gz
    output: ../Data/BAM/Aligned.out.bam
    jobid: 4
    resources: tmpdir=/tmp


        ml load biology
        ml load star/2.7.10b
        STAR --runThreadN 8             --genomeDir ../STAR             --readFilesIn ../Data/barcoded_fastqs/process/barcode_head.fastq.gz             --readFilesCommand zcat             --outSAMtype BAM Unsorted             --outFileNamePrefix ../Data/BAM/
        
[Fri Mar 21 17:01:18 2025]
Finished job 4.
1 of 5 steps (20%) done
Select jobs to execute...

[Fri Mar 21 17:01:18 2025]
rule sort_and_index:
    input: ../Data/BAM/Aligned.out.bam
    output: ../Data/BAM/Aligned_sorted.out.bam, ../Data/BAM/Aligned_sorted.out.bam.bai
    jobid: 3
    resources: tmpdir=/tmp


        ml load biology
        ml load samtools/1.16.1
        samtools sort ../Data/BAM/Aligned.out.bam -o ../Data/BAM/Aligned_sorted.out.bam
        samtools index ../Data/BAM/Aligned_sorted.out.bam
        
[Fri Mar 21 17:01:37 2025]
Finished job 3.
2 of 5 steps (40%) done
Select jobs to execute...

[Fri Mar 21 17:01:37 2025]
rule feature_counts:
    input: ../Data/BAM/Aligned_sorted.out.bam
    output: ../Data/summary.txt, ../Data/BAM/Aligned_sorted.out.bam.featureCounts
    jobid: 2
    resources: tmpdir=/tmp


        featureCounts -p -t exon -g gene_id             -a ../Homo_sapiens.GRCh38.108_chr19.gtf             -o ../Data/summary.txt -R BAM ../Data/BAM/Aligned_sorted.out.bam
        
[Fri Mar 21 17:01:42 2025]
Error in rule feature_counts:
    jobid: 2
    output: ../Data/summary.txt, ../Data/BAM/Aligned_sorted.out.bam.featureCounts
    shell:
        
        featureCounts -p -t exon -g gene_id             -a ../Homo_sapiens.GRCh38.108_chr19.gtf             -o ../Data/summary.txt -R BAM ../Data/BAM/Aligned_sorted.out.bam
        
        (one of the commands exited with non-zero exit code; note that snakemake uses bash strict mode!)

Shutting down, this might take some time.
Exiting because a job execution failed. Look above for error message
Complete log: /oak/stanford/groups/larsms/Users/jrbauman/chr_tiling/TAPprimer_testing/snakemake/.snakemake/log/2025-03-21T165931.596098.snakemake.log
