Building DAG of jobs...
Using shell: /usr/bin/bash
Provided cores: 1 (use --cores to define parallelism)
Rules claiming more threads will be scaled down.
Job stats:
job                count    min threads    max threads
---------------  -------  -------------  -------------
all                    1              1              1
feature_counts         1              1              1
sort_and_index         1              1              1
star_align             1              1              1
umi_tools_count        1              1              1
total                  5              1              1

Select jobs to execute...

[Fri Mar 21 15:50:55 2025]
rule star_align:
    input: ../Data/barcoded_fastqs/process/barcode_head.fastq.gz
    output: ../Data/BAM/Aligned.out.bam
    jobid: 4
    resources: tmpdir=/tmp

Terminating processes on user request, this might take some time.
[Fri Mar 21 15:51:38 2025]
Error in rule star_align:
    jobid: 4
    output: ../Data/BAM/Aligned.out.bam
    shell:
        
        ml load biology
        ml load star/2.7.10b
        STAR --runThreadN 8             --genomeDir ../STAR             --readFilesIn ../Data/barcoded_fastqs/process/barcode_head.fastq.gz             --readFilesCommand zcat             --outSAMtype BAM Unsorted             --outFileNamePrefix ../Data/BAM/
        
        (one of the commands exited with non-zero exit code; note that snakemake uses bash strict mode!)

Complete log: /oak/stanford/groups/larsms/Users/jrbauman/chr_tiling/TAPprimer_testing/snakemake/.snakemake/log/2025-03-21T155054.224819.snakemake.log
