Building DAG of jobs...
Using shell: /usr/bin/bash
Provided cores: 1 (use --cores to define parallelism)
Rules claiming more threads will be scaled down.
Job stats:
job                count    min threads    max threads
---------------  -------  -------------  -------------
all                    1              1              1
umi_tools_count        1              1              1
total                  2              1              1

Select jobs to execute...

[Mon Mar 24 14:07:48 2025]
rule umi_tools_count:
    input: ../Data/BAM/Aligned_sorted_ftct_wTags.bam
    output: ../Data/cdna_counts.tsv.gz
    jobid: 1
    resources: tmpdir=/tmp

[Mon Mar 24 14:07:50 2025]
Error in rule umi_tools_count:
    jobid: 1
    output: ../Data/cdna_counts.tsv.gz
    shell:
        
        umi_tools count --per-gene --gene-tag=XT --assigned-status-tag=XS             --extract-umi-method=tag --umi-tag=UB             -I ../Data/BAM/Aligned_sorted_ftct_wTags.bam -S ../Data/cdna_counts.tsv.gz
        
        (one of the commands exited with non-zero exit code; note that snakemake uses bash strict mode!)

Removing output files of failed job umi_tools_count since they might be corrupted:
../Data/cdna_counts.tsv.gz
Shutting down, this might take some time.
Exiting because a job execution failed. Look above for error message
Complete log: /oak/stanford/groups/larsms/Users/jrbauman/chr_tiling/TAPprimer_testing/snakemake/.snakemake/log/2025-03-24T140748.262077.snakemake.log
