Building DAG of jobs...
Using shell: /usr/bin/bash
Provided cores: 1 (use --cores to define parallelism)
Rules claiming more threads will be scaled down.
Job stats:
job                count    min threads    max threads
---------------  -------  -------------  -------------
all                    1              1              1
feature_counts         1              1              1
umi_tools_count        1              1              1
total                  3              1              1

Select jobs to execute...

[Fri Mar 21 23:14:16 2025]
rule feature_counts:
    input: ../Data/BAM/Aligned_sorted.out.bam
    output: ../Data/summary.txt, ../Data/BAM/Aligned_sorted.out.bam.featureCounts.bam, ../Data/BAM/Aligned_sorted.out.bam.featureCounts.bam.bai
    jobid: 2
    resources: tmpdir=/tmp

[Fri Mar 21 23:14:42 2025]
Finished job 2.
1 of 3 steps (33%) done
Select jobs to execute...

[Fri Mar 21 23:14:42 2025]
rule umi_tools_count:
    input: ../Data/BAM/Aligned_sorted.out.bam.featureCounts.bam
    output: ../Data/cdna_counts.tsv.gz
    jobid: 1
    resources: tmpdir=/tmp

[Fri Mar 21 23:14:55 2025]
Finished job 1.
2 of 3 steps (67%) done
Select jobs to execute...

[Fri Mar 21 23:14:55 2025]
localrule all:
    input: ../Data/cdna_counts.tsv.gz
    jobid: 0
    resources: tmpdir=/tmp

[Fri Mar 21 23:14:55 2025]
Finished job 0.
3 of 3 steps (100%) done
Complete log: /oak/stanford/groups/larsms/Users/jrbauman/chr_tiling/TAPprimer_testing/snakemake/.snakemake/log/2025-03-21T231416.298025.snakemake.log
