Building DAG of jobs...
Using shell: /usr/bin/bash
Provided cores: 1 (use --cores to define parallelism)
Rules claiming more threads will be scaled down.
Job stats:
job                count    min threads    max threads
---------------  -------  -------------  -------------
all                    1              1              1
umi_tools_count        1              1              1
total                  2              1              1

Select jobs to execute...

[Mon Mar 24 13:53:42 2025]
rule umi_tools_count:
    input: ../Data/BAM/Aligned_sorted.out.bam.featureCounts.bam
    output: ../Data/cdna_counts.tsv.gz
    jobid: 1
    resources: tmpdir=/tmp

[Mon Mar 24 13:53:52 2025]
Finished job 1.
1 of 2 steps (50%) done
Select jobs to execute...

[Mon Mar 24 13:53:52 2025]
localrule all:
    input: ../Data/cdna_counts.tsv.gz
    jobid: 0
    resources: tmpdir=/tmp

[Mon Mar 24 13:53:52 2025]
Finished job 0.
2 of 2 steps (100%) done
Complete log: /oak/stanford/groups/larsms/Users/jrbauman/chr_tiling/TAPprimer_testing/snakemake/.snakemake/log/2025-03-24T135341.708885.snakemake.log
