Building DAG of jobs...
Using shell: /usr/bin/bash
Provided cores: 1 (use --cores to define parallelism)
Rules claiming more threads will be scaled down.
Job stats:
job                count    min threads    max threads
---------------  -------  -------------  -------------
add_tags               1              1              1
all                    1              1              1
umi_tools_count        1              1              1
total                  3              1              1

Select jobs to execute...

[Mon Mar 24 14:08:40 2025]
rule add_tags:
    input: ../Data/BAM/Aligned_sorted.out.bam.featureCounts.bam
    output: ../Data/BAM/Aligned_sorted_ftct_wTags.bam, ../Data/BAM/Aligned_sorted_ftct_wTags.bam.bai
    jobid: 2
    resources: tmpdir=/tmp

[Mon Mar 24 14:08:56 2025]
Finished job 2.
1 of 3 steps (33%) done
Select jobs to execute...

[Mon Mar 24 14:08:56 2025]
rule umi_tools_count:
    input: ../Data/BAM/Aligned_sorted_ftct_wTags.bam
    output: ../Data/cdna_counts.tsv.gz
    jobid: 1
    resources: tmpdir=/tmp

[Mon Mar 24 14:12:47 2025]
Finished job 1.
2 of 3 steps (67%) done
Select jobs to execute...

[Mon Mar 24 14:12:47 2025]
localrule all:
    input: ../Data/cdna_counts.tsv.gz
    jobid: 0
    resources: tmpdir=/tmp

[Mon Mar 24 14:12:47 2025]
Finished job 0.
3 of 3 steps (100%) done
Complete log: /oak/stanford/groups/larsms/Users/jrbauman/chr_tiling/TAPprimer_testing/snakemake/.snakemake/log/2025-03-24T140839.957230.snakemake.log
