Building DAG of jobs...
Using shell: /usr/bin/bash
Provided cores: 1 (use --cores to define parallelism)
Rules claiming more threads will be scaled down.
Job stats:
job                count    min threads    max threads
---------------  -------  -------------  -------------
all                    1              1              1
feature_counts         1              1              1
umi_tools_count        1              1              1
total                  3              1              1

Select jobs to execute...

[Fri Mar 21 23:08:11 2025]
rule feature_counts:
    input: ../Data/BAM/Aligned_sorted.out.bam
    output: ../Data/summary.txt, ../Data/BAM/Aligned_sorted.out.bam.featureCounts.bam, ../Data/BAM/Aligned_sorted.out.bam.featureCounts.bam.bai
    jobid: 2
    resources: tmpdir=/tmp

[Fri Mar 21 23:08:18 2025]
Error in rule feature_counts:
    jobid: 2
    output: ../Data/summary.txt, ../Data/BAM/Aligned_sorted.out.bam.featureCounts.bam, ../Data/BAM/Aligned_sorted.out.bam.featureCounts.bam.bai
    shell:
        
        ml load biology
        ml load samtools/1.16.1
        featureCounts -t exon -g gene_id             -a ../Homo_sapiens.GRCh38.108_chr19.gtf             -o ../Data/summary.txt -R BAM ../Data/BAM/Aligned_sorted.out.bam --verbose
        samtools sort ../Data/BAM/Aligned_sorted.out.bam.featureCounts.bam -o ../Data/BAM/Aligned_sorted.out.bam.featureCounts.bam.tmp
        mv ../Data/BAM/Aligned_sorted.out.bam.featureCounts.bam.tmp ../Data/BAM/Aligned_sorted.out.bam.featureCounts.bam
        samtools index ../Data/BAM/Aligned_sorted.out.bam.featureCounts.bam
        
        (one of the commands exited with non-zero exit code; note that snakemake uses bash strict mode!)

Removing output files of failed job feature_counts since they might be corrupted:
../Data/summary.txt
Shutting down, this might take some time.
Exiting because a job execution failed. Look above for error message
Complete log: /oak/stanford/groups/larsms/Users/jrbauman/chr_tiling/TAPprimer_testing/snakemake/.snakemake/log/2025-03-21T230811.307002.snakemake.log
